2026-06-24 16:10:15,375 - INFO - Starting to build pipeline...
2026-06-24 16:10:15,400 - INFO - Data  loaded and processed...
2026-06-24 16:10:15,402 - INFO - Use pytorch device_name: cpu
2026-06-24 16:10:15,402 - INFO - Load pretrained SentenceTransformer: all-MiniLM-L6-v2
2026-06-24 16:10:15,953 - WARNING - '(MaxRetryError("HTTPSConnectionPool(host='huggingface.co', port=443): Max retries exceeded with url: /sentence-transformers/all-MiniLM-L6-v2/resolve/main/modules.json (Caused by SSLError(SSLCertVerificationError(1, '[SSL: CERTIFICATE_VERIFY_FAILED] certificate verify failed: unable to get local issuer certificate (_ssl.c:1081)')))"), '(Request ID: e8e81cbd-688c-4d11-98df-92325c6487d6)')' thrown while requesting HEAD https://huggingface.co/sentence-transformers/all-MiniLM-L6-v2/resolve/main/modules.json
2026-06-24 16:10:15,954 - WARNING - Retrying in 1s [Retry 1/5].
2026-06-24 16:10:17,406 - WARNING - '(MaxRetryError("HTTPSConnectionPool(host='huggingface.co', port=443): Max retries exceeded with url: /sentence-transformers/all-MiniLM-L6-v2/resolve/main/modules.json (Caused by SSLError(SSLCertVerificationError(1, '[SSL: CERTIFICATE_VERIFY_FAILED] certificate verify failed: unable to get local issuer certificate (_ssl.c:1081)')))"), '(Request ID: 5748a160-2862-4ecc-8288-3b89b9dea351)')' thrown while requesting HEAD https://huggingface.co/sentence-transformers/all-MiniLM-L6-v2/resolve/main/modules.json
2026-06-24 16:10:17,407 - WARNING - Retrying in 2s [Retry 2/5].
2026-06-24 16:10:19,861 - WARNING - '(MaxRetryError("HTTPSConnectionPool(host='huggingface.co', port=443): Max retries exceeded with url: /sentence-transformers/all-MiniLM-L6-v2/resolve/main/modules.json (Caused by SSLError(SSLCertVerificationError(1, '[SSL: CERTIFICATE_VERIFY_FAILED] certificate verify failed: unable to get local issuer certificate (_ssl.c:1081)')))"), '(Request ID: d603e65d-a61f-4efb-af06-087431c449ca)')' thrown while requesting HEAD https://huggingface.co/sentence-transformers/all-MiniLM-L6-v2/resolve/main/modules.json
2026-06-24 16:10:19,861 - WARNING - Retrying in 4s [Retry 3/5].
2026-06-24 16:10:24,319 - WARNING - '(MaxRetryError("HTTPSConnectionPool(host='huggingface.co', port=443): Max retries exceeded with url: /sentence-transformers/all-MiniLM-L6-v2/resolve/main/modules.json (Caused by SSLError(SSLCertVerificationError(1, '[SSL: CERTIFICATE_VERIFY_FAILED] certificate verify failed: unable to get local issuer certificate (_ssl.c:1081)')))"), '(Request ID: 9e0d1bb2-4ffd-4084-9b2d-a8d646bd7db3)')' thrown while requesting HEAD https://huggingface.co/sentence-transformers/all-MiniLM-L6-v2/resolve/main/modules.json
2026-06-24 16:10:24,320 - WARNING - Retrying in 8s [Retry 4/5].
2026-06-24 16:10:32,904 - WARNING - '(MaxRetryError("HTTPSConnectionPool(host='huggingface.co', port=443): Max retries exceeded with url: /sentence-transformers/all-MiniLM-L6-v2/resolve/main/modules.json (Caused by SSLError(SSLCertVerificationError(1, '[SSL: CERTIFICATE_VERIFY_FAILED] certificate verify failed: unable to get local issuer certificate (_ssl.c:1081)')))"), '(Request ID: 62838cdf-1a40-4cbe-bf94-a8bbe9a48d7c)')' thrown while requesting HEAD https://huggingface.co/sentence-transformers/all-MiniLM-L6-v2/resolve/main/modules.json
2026-06-24 16:10:32,905 - WARNING - Retrying in 8s [Retry 5/5].
2026-06-24 16:10:41,360 - WARNING - '(MaxRetryError("HTTPSConnectionPool(host='huggingface.co', port=443): Max retries exceeded with url: /sentence-transformers/all-MiniLM-L6-v2/resolve/main/modules.json (Caused by SSLError(SSLCertVerificationError(1, '[SSL: CERTIFICATE_VERIFY_FAILED] certificate verify failed: unable to get local issuer certificate (_ssl.c:1081)')))"), '(Request ID: 21f136eb-f6cf-4b57-bff0-f6a5ef78a145)')' thrown while requesting HEAD https://huggingface.co/sentence-transformers/all-MiniLM-L6-v2/resolve/main/modules.json
2026-06-24 16:10:41,360 - WARNING - No sentence-transformers model found with name sentence-transformers/all-MiniLM-L6-v2. Creating a new one with mean pooling.
2026-06-24 16:10:41,828 - WARNING - '(MaxRetryError("HTTPSConnectionPool(host='huggingface.co', port=443): Max retries exceeded with url: /sentence-transformers/all-MiniLM-L6-v2/resolve/main/config.json (Caused by SSLError(SSLCertVerificationError(1, '[SSL: CERTIFICATE_VERIFY_FAILED] certificate verify failed: unable to get local issuer certificate (_ssl.c:1081)')))"), '(Request ID: 4eec69e3-5260-4d84-99ab-d7056e3e73cb)')' thrown while requesting HEAD https://huggingface.co/sentence-transformers/all-MiniLM-L6-v2/resolve/main/config.json
2026-06-24 16:10:41,828 - WARNING - Retrying in 1s [Retry 1/5].
2026-06-24 16:10:43,310 - WARNING - '(MaxRetryError("HTTPSConnectionPool(host='huggingface.co', port=443): Max retries exceeded with url: /sentence-transformers/all-MiniLM-L6-v2/resolve/main/config.json (Caused by SSLError(SSLCertVerificationError(1, '[SSL: CERTIFICATE_VERIFY_FAILED] certificate verify failed: unable to get local issuer certificate (_ssl.c:1081)')))"), '(Request ID: f26d4f9d-d34f-496a-96f3-39b0ecd792c5)')' thrown while requesting HEAD https://huggingface.co/sentence-transformers/all-MiniLM-L6-v2/resolve/main/config.json
2026-06-24 16:10:43,310 - WARNING - Retrying in 2s [Retry 2/5].
2026-06-24 16:10:45,783 - WARNING - '(MaxRetryError("HTTPSConnectionPool(host='huggingface.co', port=443): Max retries exceeded with url: /sentence-transformers/all-MiniLM-L6-v2/resolve/main/config.json (Caused by SSLError(SSLCertVerificationError(1, '[SSL: CERTIFICATE_VERIFY_FAILED] certificate verify failed: unable to get local issuer certificate (_ssl.c:1081)')))"), '(Request ID: 358fd3b0-e5a8-473e-b902-dd5fb91e00d3)')' thrown while requesting HEAD https://huggingface.co/sentence-transformers/all-MiniLM-L6-v2/resolve/main/config.json
2026-06-24 16:10:45,783 - WARNING - Retrying in 4s [Retry 3/5].
2026-06-24 16:10:50,272 - WARNING - '(MaxRetryError("HTTPSConnectionPool(host='huggingface.co', port=443): Max retries exceeded with url: /sentence-transformers/all-MiniLM-L6-v2/resolve/main/config.json (Caused by SSLError(SSLCertVerificationError(1, '[SSL: CERTIFICATE_VERIFY_FAILED] certificate verify failed: unable to get local issuer certificate (_ssl.c:1081)')))"), '(Request ID: 4e2e021d-704d-485d-9c7e-8e92f0809075)')' thrown while requesting HEAD https://huggingface.co/sentence-transformers/all-MiniLM-L6-v2/resolve/main/config.json
2026-06-24 16:10:50,272 - WARNING - Retrying in 8s [Retry 4/5].
2026-06-24 16:11:08,659 - WARNING - '(ReadTimeoutError("HTTPSConnectionPool(host='huggingface.co', port=443): Read timed out. (read timeout=10)"), '(Request ID: ad014b1f-eae0-4f8b-a71f-0bd91e48fa59)')' thrown while requesting HEAD https://huggingface.co/sentence-transformers/all-MiniLM-L6-v2/resolve/main/config.json
2026-06-24 16:11:08,659 - WARNING - Retrying in 8s [Retry 5/5].
2026-06-24 16:11:17,275 - WARNING - '(MaxRetryError("HTTPSConnectionPool(host='huggingface.co', port=443): Max retries exceeded with url: /sentence-transformers/all-MiniLM-L6-v2/resolve/main/config.json (Caused by SSLError(SSLCertVerificationError(1, '[SSL: CERTIFICATE_VERIFY_FAILED] certificate verify failed: unable to get local issuer certificate (_ssl.c:1081)')))"), '(Request ID: a875d27d-e546-486f-bb54-38c96b41e263)')' thrown while requesting HEAD https://huggingface.co/sentence-transformers/all-MiniLM-L6-v2/resolve/main/config.json
2026-06-24 16:11:17,276 - ERROR - Failed to execute pipeline (MaxRetryError("HTTPSConnectionPool(host='huggingface.co', port=443): Max retries exceeded with url: /sentence-transformers/all-MiniLM-L6-v2/resolve/main/config.json (Caused by SSLError(SSLCertVerificationError(1, '[SSL: CERTIFICATE_VERIFY_FAILED] certificate verify failed: unable to get local issuer certificate (_ssl.c:1081)')))"), '(Request ID: a875d27d-e546-486f-bb54-38c96b41e263)')
2026-06-24 16:12:03,418 - INFO - Starting to build pipeline...
2026-06-24 16:12:03,450 - INFO - Data  loaded and processed...
2026-06-24 16:12:03,452 - INFO - Use pytorch device_name: cpu
2026-06-24 16:12:03,452 - INFO - Load pretrained SentenceTransformer: all-MiniLM-L6-v2
2026-06-24 16:12:04,167 - WARNING - '(MaxRetryError("HTTPSConnectionPool(host='huggingface.co', port=443): Max retries exceeded with url: /sentence-transformers/all-MiniLM-L6-v2/resolve/main/modules.json (Caused by SSLError(SSLCertVerificationError(1, '[SSL: CERTIFICATE_VERIFY_FAILED] certificate verify failed: unable to get local issuer certificate (_ssl.c:1081)')))"), '(Request ID: b603e894-fe4f-4b96-9c74-ff559bc8015e)')' thrown while requesting HEAD https://huggingface.co/sentence-transformers/all-MiniLM-L6-v2/resolve/main/modules.json
2026-06-24 16:12:04,167 - WARNING - Retrying in 1s [Retry 1/5].
2026-06-24 16:12:05,677 - WARNING - '(MaxRetryError("HTTPSConnectionPool(host='huggingface.co', port=443): Max retries exceeded with url: /sentence-transformers/all-MiniLM-L6-v2/resolve/main/modules.json (Caused by SSLError(SSLCertVerificationError(1, '[SSL: CERTIFICATE_VERIFY_FAILED] certificate verify failed: unable to get local issuer certificate (_ssl.c:1081)')))"), '(Request ID: 61b94a86-7a91-492b-a6cd-dee926571104)')' thrown while requesting HEAD https://huggingface.co/sentence-transformers/all-MiniLM-L6-v2/resolve/main/modules.json
2026-06-24 16:12:05,677 - WARNING - Retrying in 2s [Retry 2/5].
2026-06-24 16:12:08,235 - WARNING - '(MaxRetryError("HTTPSConnectionPool(host='huggingface.co', port=443): Max retries exceeded with url: /sentence-transformers/all-MiniLM-L6-v2/resolve/main/modules.json (Caused by SSLError(SSLCertVerificationError(1, '[SSL: CERTIFICATE_VERIFY_FAILED] certificate verify failed: unable to get local issuer certificate (_ssl.c:1081)')))"), '(Request ID: 42770c07-84b1-4d9b-84e6-8ed361d6e21d)')' thrown while requesting HEAD https://huggingface.co/sentence-transformers/all-MiniLM-L6-v2/resolve/main/modules.json
2026-06-24 16:12:08,236 - WARNING - Retrying in 4s [Retry 3/5].
2026-06-24 16:12:12,736 - WARNING - '(MaxRetryError("HTTPSConnectionPool(host='huggingface.co', port=443): Max retries exceeded with url: /sentence-transformers/all-MiniLM-L6-v2/resolve/main/modules.json (Caused by SSLError(SSLCertVerificationError(1, '[SSL: CERTIFICATE_VERIFY_FAILED] certificate verify failed: unable to get local issuer certificate (_ssl.c:1081)')))"), '(Request ID: 6a7be86f-4e5d-45d3-969c-c45a8fb5a688)')' thrown while requesting HEAD https://huggingface.co/sentence-transformers/all-MiniLM-L6-v2/resolve/main/modules.json
2026-06-24 16:12:12,736 - WARNING - Retrying in 8s [Retry 4/5].
2026-06-24 16:12:21,192 - WARNING - '(MaxRetryError("HTTPSConnectionPool(host='huggingface.co', port=443): Max retries exceeded with url: /sentence-transformers/all-MiniLM-L6-v2/resolve/main/modules.json (Caused by SSLError(SSLCertVerificationError(1, '[SSL: CERTIFICATE_VERIFY_FAILED] certificate verify failed: unable to get local issuer certificate (_ssl.c:1081)')))"), '(Request ID: 84c48d7f-beec-445b-9554-2a100aed9ad1)')' thrown while requesting HEAD https://huggingface.co/sentence-transformers/all-MiniLM-L6-v2/resolve/main/modules.json
2026-06-24 16:12:21,192 - WARNING - Retrying in 8s [Retry 5/5].
2026-06-24 16:12:29,644 - WARNING - '(MaxRetryError("HTTPSConnectionPool(host='huggingface.co', port=443): Max retries exceeded with url: /sentence-transformers/all-MiniLM-L6-v2/resolve/main/modules.json (Caused by SSLError(SSLCertVerificationError(1, '[SSL: CERTIFICATE_VERIFY_FAILED] certificate verify failed: unable to get local issuer certificate (_ssl.c:1081)')))"), '(Request ID: 808c8aa1-2c33-40b9-8845-fa28702c1f29)')' thrown while requesting HEAD https://huggingface.co/sentence-transformers/all-MiniLM-L6-v2/resolve/main/modules.json
2026-06-24 16:12:29,645 - WARNING - No sentence-transformers model found with name sentence-transformers/all-MiniLM-L6-v2. Creating a new one with mean pooling.
2026-06-24 16:12:30,108 - WARNING - '(MaxRetryError("HTTPSConnectionPool(host='huggingface.co', port=443): Max retries exceeded with url: /sentence-transformers/all-MiniLM-L6-v2/resolve/main/config.json (Caused by SSLError(SSLCertVerificationError(1, '[SSL: CERTIFICATE_VERIFY_FAILED] certificate verify failed: unable to get local issuer certificate (_ssl.c:1081)')))"), '(Request ID: 7bdb7b1e-ca92-4ba7-a1a8-005dade72688)')' thrown while requesting HEAD https://huggingface.co/sentence-transformers/all-MiniLM-L6-v2/resolve/main/config.json
2026-06-24 16:12:30,109 - WARNING - Retrying in 1s [Retry 1/5].
2026-06-24 16:12:31,577 - WARNING - '(MaxRetryError("HTTPSConnectionPool(host='huggingface.co', port=443): Max retries exceeded with url: /sentence-transformers/all-MiniLM-L6-v2/resolve/main/config.json (Caused by SSLError(SSLCertVerificationError(1, '[SSL: CERTIFICATE_VERIFY_FAILED] certificate verify failed: unable to get local issuer certificate (_ssl.c:1081)')))"), '(Request ID: 546e090e-cdc8-40c5-aaa6-cd8061329446)')' thrown while requesting HEAD https://huggingface.co/sentence-transformers/all-MiniLM-L6-v2/resolve/main/config.json
2026-06-24 16:12:31,577 - WARNING - Retrying in 2s [Retry 2/5].
2026-06-24 16:12:34,166 - WARNING - '(MaxRetryError("HTTPSConnectionPool(host='huggingface.co', port=443): Max retries exceeded with url: /sentence-transformers/all-MiniLM-L6-v2/resolve/main/config.json (Caused by SSLError(SSLCertVerificationError(1, '[SSL: CERTIFICATE_VERIFY_FAILED] certificate verify failed: unable to get local issuer certificate (_ssl.c:1081)')))"), '(Request ID: 3deddf6b-614c-4616-8443-14532438d67f)')' thrown while requesting HEAD https://huggingface.co/sentence-transformers/all-MiniLM-L6-v2/resolve/main/config.json
2026-06-24 16:12:34,166 - WARNING - Retrying in 4s [Retry 3/5].
2026-06-24 16:12:38,607 - WARNING - '(MaxRetryError("HTTPSConnectionPool(host='huggingface.co', port=443): Max retries exceeded with url: /sentence-transformers/all-MiniLM-L6-v2/resolve/main/config.json (Caused by SSLError(SSLCertVerificationError(1, '[SSL: CERTIFICATE_VERIFY_FAILED] certificate verify failed: unable to get local issuer certificate (_ssl.c:1081)')))"), '(Request ID: 48c161d2-1b3d-4c83-9b6a-049ae8112e89)')' thrown while requesting HEAD https://huggingface.co/sentence-transformers/all-MiniLM-L6-v2/resolve/main/config.json
2026-06-24 16:12:38,608 - WARNING - Retrying in 8s [Retry 4/5].
2026-06-24 16:12:47,107 - WARNING - '(MaxRetryError("HTTPSConnectionPool(host='huggingface.co', port=443): Max retries exceeded with url: /sentence-transformers/all-MiniLM-L6-v2/resolve/main/config.json (Caused by SSLError(SSLCertVerificationError(1, '[SSL: CERTIFICATE_VERIFY_FAILED] certificate verify failed: unable to get local issuer certificate (_ssl.c:1081)')))"), '(Request ID: 8954565b-2741-4067-bf9a-ed11c55e8e91)')' thrown while requesting HEAD https://huggingface.co/sentence-transformers/all-MiniLM-L6-v2/resolve/main/config.json
2026-06-24 16:12:47,107 - WARNING - Retrying in 8s [Retry 5/5].
2026-06-24 16:12:55,575 - WARNING - '(MaxRetryError("HTTPSConnectionPool(host='huggingface.co', port=443): Max retries exceeded with url: /sentence-transformers/all-MiniLM-L6-v2/resolve/main/config.json (Caused by SSLError(SSLCertVerificationError(1, '[SSL: CERTIFICATE_VERIFY_FAILED] certificate verify failed: unable to get local issuer certificate (_ssl.c:1081)')))"), '(Request ID: 0915d7f1-6514-4fe3-a94a-3a0e907d2fec)')' thrown while requesting HEAD https://huggingface.co/sentence-transformers/all-MiniLM-L6-v2/resolve/main/config.json
2026-06-24 16:12:55,576 - ERROR - Failed to execute pipeline (MaxRetryError("HTTPSConnectionPool(host='huggingface.co', port=443): Max retries exceeded with url: /sentence-transformers/all-MiniLM-L6-v2/resolve/main/config.json (Caused by SSLError(SSLCertVerificationError(1, '[SSL: CERTIFICATE_VERIFY_FAILED] certificate verify failed: unable to get local issuer certificate (_ssl.c:1081)')))"), '(Request ID: 0915d7f1-6514-4fe3-a94a-3a0e907d2fec)')
2026-06-24 16:14:33,219 - INFO - Starting to build pipeline...
2026-06-24 16:14:33,241 - INFO - Data  loaded and processed...
2026-06-24 16:14:33,243 - INFO - Use pytorch device_name: cpu
2026-06-24 16:14:33,243 - INFO - Load pretrained SentenceTransformer: all-MiniLM-L6-v2
2026-06-24 16:14:33,806 - WARNING - '(MaxRetryError("HTTPSConnectionPool(host='huggingface.co', port=443): Max retries exceeded with url: /sentence-transformers/all-MiniLM-L6-v2/resolve/main/modules.json (Caused by SSLError(SSLCertVerificationError(1, '[SSL: CERTIFICATE_VERIFY_FAILED] certificate verify failed: unable to get local issuer certificate (_ssl.c:1081)')))"), '(Request ID: d3a1dc92-15c5-444f-8ca4-21d64f3c7c9d)')' thrown while requesting HEAD https://huggingface.co/sentence-transformers/all-MiniLM-L6-v2/resolve/main/modules.json
2026-06-24 16:14:33,806 - WARNING - Retrying in 1s [Retry 1/5].
2026-06-24 16:14:35,314 - WARNING - '(MaxRetryError("HTTPSConnectionPool(host='huggingface.co', port=443): Max retries exceeded with url: /sentence-transformers/all-MiniLM-L6-v2/resolve/main/modules.json (Caused by SSLError(SSLCertVerificationError(1, '[SSL: CERTIFICATE_VERIFY_FAILED] certificate verify failed: unable to get local issuer certificate (_ssl.c:1081)')))"), '(Request ID: a6b3e117-b39f-4970-861a-e3254635dc77)')' thrown while requesting HEAD https://huggingface.co/sentence-transformers/all-MiniLM-L6-v2/resolve/main/modules.json
2026-06-24 16:14:35,314 - WARNING - Retrying in 2s [Retry 2/5].
2026-06-24 16:14:37,819 - WARNING - '(MaxRetryError("HTTPSConnectionPool(host='huggingface.co', port=443): Max retries exceeded with url: /sentence-transformers/all-MiniLM-L6-v2/resolve/main/modules.json (Caused by SSLError(SSLCertVerificationError(1, '[SSL: CERTIFICATE_VERIFY_FAILED] certificate verify failed: unable to get local issuer certificate (_ssl.c:1081)')))"), '(Request ID: 98f48da5-58ab-467b-a83b-33587555f45e)')' thrown while requesting HEAD https://huggingface.co/sentence-transformers/all-MiniLM-L6-v2/resolve/main/modules.json
2026-06-24 16:14:37,819 - WARNING - Retrying in 4s [Retry 3/5].
2026-06-24 16:14:42,296 - WARNING - '(MaxRetryError("HTTPSConnectionPool(host='huggingface.co', port=443): Max retries exceeded with url: /sentence-transformers/all-MiniLM-L6-v2/resolve/main/modules.json (Caused by SSLError(SSLCertVerificationError(1, '[SSL: CERTIFICATE_VERIFY_FAILED] certificate verify failed: unable to get local issuer certificate (_ssl.c:1081)')))"), '(Request ID: e2d09e74-929a-489f-ba57-0b610f18f5c0)')' thrown while requesting HEAD https://huggingface.co/sentence-transformers/all-MiniLM-L6-v2/resolve/main/modules.json
2026-06-24 16:14:42,296 - WARNING - Retrying in 8s [Retry 4/5].
2026-06-24 16:14:50,772 - WARNING - '(MaxRetryError("HTTPSConnectionPool(host='huggingface.co', port=443): Max retries exceeded with url: /sentence-transformers/all-MiniLM-L6-v2/resolve/main/modules.json (Caused by SSLError(SSLCertVerificationError(1, '[SSL: CERTIFICATE_VERIFY_FAILED] certificate verify failed: unable to get local issuer certificate (_ssl.c:1081)')))"), '(Request ID: 71f11c61-090b-43fb-adeb-3ef1628e3214)')' thrown while requesting HEAD https://huggingface.co/sentence-transformers/all-MiniLM-L6-v2/resolve/main/modules.json
2026-06-24 16:14:50,772 - WARNING - Retrying in 8s [Retry 5/5].
2026-06-24 16:14:59,284 - WARNING - '(MaxRetryError("HTTPSConnectionPool(host='huggingface.co', port=443): Max retries exceeded with url: /sentence-transformers/all-MiniLM-L6-v2/resolve/main/modules.json (Caused by SSLError(SSLCertVerificationError(1, '[SSL: CERTIFICATE_VERIFY_FAILED] certificate verify failed: unable to get local issuer certificate (_ssl.c:1081)')))"), '(Request ID: 15c1fd55-9afa-45a9-b8ca-a7dbed9dc372)')' thrown while requesting HEAD https://huggingface.co/sentence-transformers/all-MiniLM-L6-v2/resolve/main/modules.json
2026-06-24 16:14:59,285 - WARNING - No sentence-transformers model found with name sentence-transformers/all-MiniLM-L6-v2. Creating a new one with mean pooling.
2026-06-24 16:14:59,839 - WARNING - '(MaxRetryError("HTTPSConnectionPool(host='huggingface.co', port=443): Max retries exceeded with url: /sentence-transformers/all-MiniLM-L6-v2/resolve/main/config.json (Caused by SSLError(SSLCertVerificationError(1, '[SSL: CERTIFICATE_VERIFY_FAILED] certificate verify failed: unable to get local issuer certificate (_ssl.c:1081)')))"), '(Request ID: 9cca9761-bbc3-4f79-aab3-61920d58a72e)')' thrown while requesting HEAD https://huggingface.co/sentence-transformers/all-MiniLM-L6-v2/resolve/main/config.json
2026-06-24 16:14:59,840 - WARNING - Retrying in 1s [Retry 1/5].
2026-06-24 16:15:01,360 - WARNING - '(MaxRetryError("HTTPSConnectionPool(host='huggingface.co', port=443): Max retries exceeded with url: /sentence-transformers/all-MiniLM-L6-v2/resolve/main/config.json (Caused by SSLError(SSLCertVerificationError(1, '[SSL: CERTIFICATE_VERIFY_FAILED] certificate verify failed: unable to get local issuer certificate (_ssl.c:1081)')))"), '(Request ID: 9dbdc179-2fc8-4d72-a853-992a0e7c20b8)')' thrown while requesting HEAD https://huggingface.co/sentence-transformers/all-MiniLM-L6-v2/resolve/main/config.json
2026-06-24 16:15:01,360 - WARNING - Retrying in 2s [Retry 2/5].
2026-06-24 16:15:03,959 - WARNING - '(MaxRetryError("HTTPSConnectionPool(host='huggingface.co', port=443): Max retries exceeded with url: /sentence-transformers/all-MiniLM-L6-v2/resolve/main/config.json (Caused by SSLError(SSLCertVerificationError(1, '[SSL: CERTIFICATE_VERIFY_FAILED] certificate verify failed: unable to get local issuer certificate (_ssl.c:1081)')))"), '(Request ID: 49516f7e-1032-404b-b2df-63769467fdb0)')' thrown while requesting HEAD https://huggingface.co/sentence-transformers/all-MiniLM-L6-v2/resolve/main/config.json
2026-06-24 16:15:03,959 - WARNING - Retrying in 4s [Retry 3/5].
2026-06-24 16:15:08,528 - WARNING - '(MaxRetryError("HTTPSConnectionPool(host='huggingface.co', port=443): Max retries exceeded with url: /sentence-transformers/all-MiniLM-L6-v2/resolve/main/config.json (Caused by SSLError(SSLCertVerificationError(1, '[SSL: CERTIFICATE_VERIFY_FAILED] certificate verify failed: unable to get local issuer certificate (_ssl.c:1081)')))"), '(Request ID: 63beebf9-f515-499b-8f8f-6dc82f28d383)')' thrown while requesting HEAD https://huggingface.co/sentence-transformers/all-MiniLM-L6-v2/resolve/main/config.json
2026-06-24 16:15:08,529 - WARNING - Retrying in 8s [Retry 4/5].
2026-06-24 16:15:17,038 - WARNING - '(MaxRetryError("HTTPSConnectionPool(host='huggingface.co', port=443): Max retries exceeded with url: /sentence-transformers/all-MiniLM-L6-v2/resolve/main/config.json (Caused by SSLError(SSLCertVerificationError(1, '[SSL: CERTIFICATE_VERIFY_FAILED] certificate verify failed: unable to get local issuer certificate (_ssl.c:1081)')))"), '(Request ID: 026d0fe2-e3c8-4983-af54-8abbdd046e6a)')' thrown while requesting HEAD https://huggingface.co/sentence-transformers/all-MiniLM-L6-v2/resolve/main/config.json
2026-06-24 16:15:17,038 - WARNING - Retrying in 8s [Retry 5/5].
2026-06-24 16:15:25,589 - WARNING - '(MaxRetryError("HTTPSConnectionPool(host='huggingface.co', port=443): Max retries exceeded with url: /sentence-transformers/all-MiniLM-L6-v2/resolve/main/config.json (Caused by SSLError(SSLCertVerificationError(1, '[SSL: CERTIFICATE_VERIFY_FAILED] certificate verify failed: unable to get local issuer certificate (_ssl.c:1081)')))"), '(Request ID: 0ea61766-f3ac-4fc1-a6ea-2f04eefe6aac)')' thrown while requesting HEAD https://huggingface.co/sentence-transformers/all-MiniLM-L6-v2/resolve/main/config.json
2026-06-24 16:15:25,589 - ERROR - Failed to execute pipeline (MaxRetryError("HTTPSConnectionPool(host='huggingface.co', port=443): Max retries exceeded with url: /sentence-transformers/all-MiniLM-L6-v2/resolve/main/config.json (Caused by SSLError(SSLCertVerificationError(1, '[SSL: CERTIFICATE_VERIFY_FAILED] certificate verify failed: unable to get local issuer certificate (_ssl.c:1081)')))"), '(Request ID: 0ea61766-f3ac-4fc1-a6ea-2f04eefe6aac)')
2026-06-24 16:17:44,999 - INFO - Starting to build pipeline...
2026-06-24 16:17:45,024 - INFO - Data  loaded and processed...
2026-06-24 16:17:45,026 - INFO - Use pytorch device_name: cpu
2026-06-24 16:17:45,026 - INFO - Load pretrained SentenceTransformer: all-MiniLM-L6-v2
2026-06-24 16:19:08,718 - INFO - Vector store Built sucesfully....
2026-06-24 16:19:08,718 - INFO - Pipelien built sucesfuly....
